\BOOKMARK [1][-]{section.1}{\376\377\116\000\176\247\150\007\230\230}{}% 1
\BOOKMARK [2][-]{subsection.1.1}{\376\377\116\214\176\247\150\007\230\230}{section.1}% 2
\BOOKMARK [3][-]{subsubsection.1.1.1}{\376\377\116\011\176\247\150\007\230\230}{subsection.1.1}% 3
\BOOKMARK [1][-]{section.2}{\376\377\000C\000\040\000L\000a\000n\000g\000u\000a\000g\000e}{}% 4
